127.0.0.1 - - [21/Dec/2022:11:27:22 -0300] "GET / HTTP/1.1" 404 763
0:0:0:0:0:0:0:1 - - [21/Dec/2022:11:31:26 -0300] "GET /paises/Ola%20Bem%20Vindo HTTP/1.1" 200 67
0:0:0:0:0:0:0:1 - - [21/Dec/2022:11:31:26 -0300] "GET /favicon.ico HTTP/1.1" 404 774
0:0:0:0:0:0:0:1 - - [21/Dec/2022:11:32:27 -0300] "GET /paises/Ola%20Bem%20Vindo HTTP/1.1" 200 94
0:0:0:0:0:0:0:1 - - [21/Dec/2022:11:33:41 -0300] "GET /paises/Ola-0Bem-Vindo HTTP/1.1" 404 788
0:0:0:0:0:0:0:1 - - [21/Dec/2022:11:33:50 -0300] "GET /paises/Ola-Bem-Vindo HTTP/1.1" 200 94
127.0.0.1 - - [21/Dec/2022:12:00:39 -0300] "GET / HTTP/1.1" 404 763
0:0:0:0:0:0:0:1 - - [21/Dec/2022:12:00:39 -0300] "GET /paises/ola HTTP/1.1" 200 59
127.0.0.1 - - [21/Dec/2022:12:02:40 -0300] "GET / HTTP/1.1" 404 763
0:0:0:0:0:0:0:1 - - [21/Dec/2022:12:02:40 -0300] "GET /paises/ola HTTP/1.1" 200 67
127.0.0.1 - - [21/Dec/2022:12:05:27 -0300] "GET / HTTP/1.1" 404 763
0:0:0:0:0:0:0:1 - - [21/Dec/2022:12:05:35 -0300] "GET /paises/Ola HTTP/1.1" 404 777
0:0:0:0:0:0:0:1 - - [21/Dec/2022:12:05:54 -0300] "GET /paises/ola HTTP/1.1" 200 79
127.0.0.1 - - [21/Dec/2022:12:14:20 -0300] "GET / HTTP/1.1" 404 763
0:0:0:0:0:0:0:1 - - [21/Dec/2022:12:15:07 -0300] "GET /paises/NovoPaisServ HTTP/1.1" 200 58
127.0.0.1 - - [21/Dec/2022:12:23:50 -0300] "GET / HTTP/1.1" 404 763
0:0:0:0:0:0:0:1 - - [21/Dec/2022:12:24:00 -0300] "GET /paises/NovoPaisServ HTTP/1.1" 200 125
0:0:0:0:0:0:0:1 - - [21/Dec/2022:12:25:59 -0300] "GET /paises/NovoPaisServ HTTP/1.1" 200 65
127.0.0.1 - - [21/Dec/2022:12:25:59 -0300] "GET / HTTP/1.1" 404 763
0:0:0:0:0:0:0:1 - - [21/Dec/2022:12:26:18 -0300] "GET /paises/NovoPaisServ?Brazil HTTP/1.1" 200 65
0:0:0:0:0:0:0:1 - - [21/Dec/2022:12:26:36 -0300] "GET /paises/NovoPaisServ?pais=Brazil HTTP/1.1" 200 67
0:0:0:0:0:0:0:1 - - [21/Dec/2022:12:26:51 -0300] "GET /paises/NovoPaisServ?pais=Brasil HTTP/1.1" 200 67
0:0:0:0:0:0:0:1 - - [21/Dec/2022:12:27:57 -0300] "GET /paises/NovoPaisServ?pais=Brasil HTTP/1.1" 200 67
0:0:0:0:0:0:0:1 - - [21/Dec/2022:12:43:58 -0300] "GET /paises/NovoPaisServ HTTP/1.1" 200 65
0:0:0:0:0:0:0:1 - - [21/Dec/2022:12:44:25 -0300] "GET /paises/formNovoPais HTTP/1.1" 404 786
0:0:0:0:0:0:0:1 - - [21/Dec/2022:12:45:03 -0300] "GET /paises/formNovoPaisServ HTTP/1.1" 404 790
0:0:0:0:0:0:0:1 - - [21/Dec/2022:12:45:50 -0300] "GET /paises/formNovoPais HTTP/1.1" 404 786
127.0.0.1 - - [21/Dec/2022:12:46:16 -0300] "GET / HTTP/1.1" 404 763
0:0:0:0:0:0:0:1 - - [21/Dec/2022:12:46:36 -0300] "GET /paises/formNovoPais HTTP/1.1" 404 786
127.0.0.1 - - [21/Dec/2022:12:47:11 -0300] "GET / HTTP/1.1" 404 763
0:0:0:0:0:0:0:1 - - [21/Dec/2022:12:47:11 -0300] "GET /paises/formNovoPais HTTP/1.1" 404 786
127.0.0.1 - - [21/Dec/2022:12:48:57 -0300] "GET / HTTP/1.1" 404 763
0:0:0:0:0:0:0:1 - - [21/Dec/2022:12:49:03 -0300] "GET /paises/formNovoPais HTTP/1.1" 404 786
0:0:0:0:0:0:0:1 - - [21/Dec/2022:12:49:13 -0300] "GET /paises/formNovoPais HTTP/1.1" 404 786
0:0:0:0:0:0:0:1 - - [21/Dec/2022:12:49:22 -0300] "GET /paises/formNovoPais HTTP/1.1" 404 786
0:0:0:0:0:0:0:1 - - [21/Dec/2022:12:51:28 -0300] "GET /paises/novoPais HTTP/1.1" 404 782
0:0:0:0:0:0:0:1 - - [21/Dec/2022:12:51:47 -0300] "GET /paises/NovoPaisServ HTTP/1.1" 200 65
0:0:0:0:0:0:0:1 - - [21/Dec/2022:12:52:39 -0300] "GET /paises/NovoPaisServ HTTP/1.1" 200 65
0:0:0:0:0:0:0:1 - - [21/Dec/2022:12:53:01 -0300] "GET /paises/formNovoPias HTTP/1.1" 404 786
0:0:0:0:0:0:0:1 - - [21/Dec/2022:14:25:11 -0300] "GET /paises//NovoPaisServ?pais=Brasil HTTP/1.1" 200 67
0:0:0:0:0:0:0:1 - - [21/Dec/2022:14:33:20 -0300] "GET /paises//formNovoPais HTTP/1.1" 404 791
0:0:0:0:0:0:0:1 - - [21/Dec/2022:14:34:09 -0300] "GET /paises//formNovoPais.html HTTP/1.1" 200 245
127.0.0.1 - - [21/Dec/2022:14:35:38 -0300] "GET / HTTP/1.1" 404 763
0:0:0:0:0:0:0:1 - - [21/Dec/2022:14:35:38 -0300] "GET /paises//formNovoPais.html HTTP/1.1" 200 271
0:0:0:0:0:0:0:1 - - [21/Dec/2022:14:36:21 -0300] "POST /pais/NovoPaisServ HTTP/1.1" 404 784
127.0.0.1 - - [21/Dec/2022:14:37:56 -0300] "GET / HTTP/1.1" 404 763
0:0:0:0:0:0:0:1 - - [21/Dec/2022:14:38:00 -0300] "POST /pais/NovoPaisServ HTTP/1.1" 404 784
127.0.0.1 - - [21/Dec/2022:14:39:11 -0300] "GET / HTTP/1.1" 404 763
0:0:0:0:0:0:0:1 - - [21/Dec/2022:14:48:40 -0300] "POST /pais/NovoPaisServ HTTP/1.1" 404 784
127.0.0.1 - - [21/Dec/2022:14:49:03 -0300] "GET / HTTP/1.1" 404 763
0:0:0:0:0:0:0:1 - - [21/Dec/2022:14:49:03 -0300] "GET /paises//formNovoPais.html HTTP/1.1" 200 273
0:0:0:0:0:0:0:1 - - [21/Dec/2022:14:49:17 -0300] "POST /paises/NovoPaisServ HTTP/1.1" 404 786
127.0.0.1 - - [21/Dec/2022:14:50:58 -0300] "GET / HTTP/1.1" 404 763
0:0:0:0:0:0:0:1 - - [21/Dec/2022:14:51:03 -0300] "GET /paises//formNovoPais.html HTTP/1.1" 200 273
0:0:0:0:0:0:0:1 - - [21/Dec/2022:14:51:13 -0300] "POST /paises/novoPaisServ HTTP/1.1" 200 67
0:0:0:0:0:0:0:1 - - [21/Dec/2022:14:52:22 -0300] "GET /paises//formNovoPais.html HTTP/1.1" 200 269
0:0:0:0:0:0:0:1 - - [21/Dec/2022:14:52:27 -0300] "POST /paises/PaisServ HTTP/1.1" 404 782
0:0:0:0:0:0:0:1 - - [21/Dec/2022:14:52:51 -0300] "GET /paises//formNovoPais.html HTTP/1.1" 304 -
127.0.0.1 - - [21/Dec/2022:14:52:51 -0300] "GET / HTTP/1.1" 404 763
0:0:0:0:0:0:0:1 - - [21/Dec/2022:14:53:07 -0300] "POST /paises/PaisServ HTTP/1.1" 200 65
0:0:0:0:0:0:0:1 - - [21/Dec/2022:14:53:07 -0300] "POST /paises/PaisServ HTTP/1.1" 200 65
127.0.0.1 - - [21/Dec/2022:15:02:27 -0300] "GET / HTTP/1.1" 404 763
127.0.0.1 - - [21/Dec/2022:15:16:32 -0300] "GET / HTTP/1.1" 404 763
0:0:0:0:0:0:0:1 - - [21/Dec/2022:15:23:50 -0300] "GET /pais/novopais HTTP/1.1" 404 780
0:0:0:0:0:0:0:1 - - [21/Dec/2022:15:24:06 -0300] "GET /pais/novoPais HTTP/1.1" 404 780
0:0:0:0:0:0:0:1 - - [21/Dec/2022:15:24:10 -0300] "GET /pais/novoPais HTTP/1.1" 404 780
0:0:0:0:0:0:0:1 - - [21/Dec/2022:15:24:23 -0300] "GET /paises/novoPais HTTP/1.1" 200 57
127.0.0.1 - - [21/Dec/2022:15:28:08 -0300] "GET / HTTP/1.1" 404 763
0:0:0:0:0:0:0:1 - - [21/Dec/2022:15:28:29 -0300] "GET /paises/novoPais?pais=Brasil HTTP/1.1" 200 65
